MAP
  IMAGETYPE      JPEG                     # Image output type
  EXTENT         -180 -90 180 90          # Extent of the map (in degrees)
  SIZE           640 480                  # Size of the output image
  SHAPEPATH      "/usr/local/share/xcsoar" # Path to data directory
  IMAGECOLOR     22 79 148                # Background colour for the image

  # More details on the output format
  OUTPUTFORMAT
    NAME jpeg
    DRIVER "GD/JPEG"
    MIMETYPE "image/jpeg"
    IMAGEMODE RGB
    EXTENSION "jpg"
    FORMATOPTION "QUALITY=95"
  END

  # Web template information - template file and output directory
  WEB
    TEMPLATE  'example1.html'
    IMAGEPATH '/var/www/html/tmp/'
    IMAGEURL  '/tmp/'
  END

  # Projection information - here we use "unprojected" lat/long
  PROJECTION
    "proj=latlong"
    "datum=NAD83"
  END

  # Layer definition for the green areas of land
  LAYER
    # Unique layer name
    NAME             "land"
    # Path to data file from base data dir defined above
    DATA             vmap0_all/roadltrans_line_all
    STATUS           DEFAULT
    # This area is to be displayed as polygon data
    TYPE             LINE

    # Each layer must have at least one class.  Here we define colour info etc
    CLASS
      COLOR 70 97 55
      NAME 'Political Boundaries'
    END

    # The projection used in the data file
    PROJECTION
      "proj=latlong"
      "datum=NAD83"
    END
  END

END
